[trace] malloc(0x1d8)=0x55558b31c010 ra=0x7fbd2e08ca9f
[trace] fopen(payload_readonly.mdoc,rb)=0x55558b31c010 ra=0x4017bb
[trace] malloc(0x1000)=0x55558b31c1f0 ra=0x40168d
[trace] malloc(0x1000)=0x55558b31d200 ra=0x7fbd2e08bcec
[trace] fread(0x55558b31c1f0,0x1,0x1000,0x55558b31c010)=0x1000 ra=0x401736
[trace] realloc(0x55558b31c1f0,0x2000)=0x55558b31e210 ra=0x4016e0
[trace] fread(0x55558b31f210,0x1,0x1000,0x55558b31c010)=0x1000 ra=0x401736
[trace] realloc(0x55558b31e210,0x4000)=0x55558b31e210 ra=0x4016e0
[trace] fread(0x55558b320210,0x1,0x2000,0x55558b31c010)=0x2000 ra=0x401736
[trace] realloc(0x55558b31e210,0x8000)=0x55558b31e210 ra=0x4016e0
[trace] fread(0x55558b322210,0x1,0x4000,0x55558b31c010)=0x4000 ra=0x401736
[trace] realloc(0x55558b31e210,0x10000)=0x55558b31e210 ra=0x4016e0
[trace] fread(0x55558b326210,0x1,0x8000,0x55558b31c010)=0x8000 ra=0x401736
[trace] realloc(0x55558b31e210,0x20000)=0x7fbd2e34d010 ra=0x4016e0
[trace] fread(0x7fbd2e35d010,0x1,0x10000,0x55558b31c010)=0x10000 ra=0x401736
[trace] realloc(0x7fbd2e34d010,0x40000)=0x7fbd2e30c010 ra=0x4016e0
[trace] fread(0x7fbd2e32c010,0x1,0x20000,0x55558b31c010)=0x20000 ra=0x401736
[trace] realloc(0x7fbd2e30c010,0x80000)=0x7fbd2e28b010 ra=0x4016e0
[trace] fread(0x7fbd2e2cb010,0x1,0x40000,0x55558b31c010)=0x40000 ra=0x401736
[trace] realloc(0x7fbd2e28b010,0x100000)=0x7fbd2deff010 ra=0x4016e0
[trace] fread(0x7fbd2df7f010,0x1,0x80000,0x55558b31c010)=0x80000 ra=0x401736
[trace] realloc(0x7fbd2deff010,0x200000)=0x7fbd2dcfe010 ra=0x4016e0
[trace] fread(0x7fbd2ddfe010,0x1,0x100000,0x55558b31c010)=0x100000 ra=0x401736
[trace] realloc(0x7fbd2dcfe010,0x400000)=0x7fbd2d8fd010 ra=0x4016e0
[trace] fread(0x7fbd2dafd010,0x1,0x200000,0x55558b31c010)=0x200000 ra=0x401736
[trace] realloc(0x7fbd2d8fd010,0x800000)=0x7fbd2d0fc010 ra=0x4016e0
[trace] fread(0x7fbd2d4fc010,0x1,0x400000,0x55558b31c010)=0x6239 ra=0x401736
[trace] fread(0x7fbd2d502249,0x1,0x3f9dc7,0x55558b31c010)=0 ra=0x401736
[trace] fclose(0x55558b31c010) ra=0x401803
[trace] free(0x55558b31d200) ra=0x7fbd2e09d1f4
[trace] free(0x55558b31c010) ra=0x7fbd2e08beae
[trace] malloc(0x1d8)=0x55558b31c010 ra=0x7fbd2e08ca9f
[trace] fopen(flag.txt,rb)=0x55558b31c010 ra=0x4017bb
[trace] malloc(0x1000)=0x55558b31c530 ra=0x40168d
[trace] malloc(0x1000)=0x55558b31d540 ra=0x7fbd2e08bcec
[trace] fread(0x55558b31c530,0x1,0x1000,0x55558b31c010)=0x14 ra=0x401736
[trace] fread(0x55558b31c544,0x1,0xfec,0x55558b31c010)=0 ra=0x401736
[trace] fclose(0x55558b31c010) ra=0x401803
[trace] free(0x55558b31d540) ra=0x7fbd2e09d1f4
[trace] free(0x55558b31c010) ra=0x7fbd2e08beae
[trace] free(0x55558b31c4f0) ra=0x403483
[trace] free(0x55558b31c510) ra=0x401dc5
[trace] free(0x7fbd2d0fc010) ra=0x4036db
